Archive member included to satisfy reference by file (symbol)

dietlibc.a(strrchr.o)         ../../tcc/libtccx.o (strrchr)
dietlibc.a(strncpy.o)         fio-ml.o (strncpy)
dietlibc.a(strlen.o)          fio-ml.o (strlen)
dietlibc.a(strncmp.o)         fio-ml.o (strncmp)
dietlibc.a(strcpy.o)          backtrace.o (strcpy)
dietlibc.a(strcmp.o)          rbf_font.o (strcmp)
dietlibc.a(strcasecmp.o)      (strcasecmp)
dietlibc.a(strtoull.o)        ../../tcc/libtccx.o (strtoull)
dietlibc.a(strtol.o)          menu.o (strtol)
dietlibc.a(strtoul.o)         ../../tcc/libtccx.o (strtoul)
dietlibc.a(strchr.o)          fio-ml.o (strchr)
dietlibc.a(strstr.o)          (strstr)
dietlibc.a(memcmp.o)          ../../tcc/libtccx.o (memcmp)
dietlibc.a(memmove.o)         (memmove)
dietlibc.a(atol.o)            config.o (atoi)
dietlibc.a(errno.o)           dietlibc.a(strtoull.o) (errno)
dietlibc.a(errno_location.o)  dietlibc.a(strtol.o) (__errno_location)
newlib-libc.a(lib_a-setjmp.o)
                              ../../tcc/libtccx.o (longjmp)
newlib-libc.a(lib_a-memcpy-stub.o)
                              boot-hack.o (memcpy)
newlib-libc.a(lib_a-memccpy.o)
                              dietlibc.a(strncpy.o) (memccpy)
newlib-libc.a(lib_a-memset.o)
                              mem.o (memset)
newlib-libm.a(lib_a-sf_ceil.o)
                              (ceilf)
newlib-libm.a(lib_a-sf_cos.o)
                              chdk-gui_draw.o (cosf)
newlib-libm.a(lib_a-sf_frexp.o)
                              (frexpf)
newlib-libm.a(lib_a-sf_log2.o)
                              (log2f)
newlib-libm.a(lib_a-sf_round.o)
                              menu.o (roundf)
newlib-libm.a(lib_a-sf_sin.o)
                              chdk-gui_draw.o (sinf)
newlib-libm.a(lib_a-sf_tan.o)
                              (tanf)
newlib-libm.a(lib_a-wf_acos.o)
                              (acosf)
newlib-libm.a(lib_a-wf_asin.o)
                              (asinf)
newlib-libm.a(lib_a-wf_atan2.o)
                              (atan2f)
newlib-libm.a(lib_a-wf_exp.o)
                              (expf)
newlib-libm.a(lib_a-wf_fmod.o)
                              (fmodf)
newlib-libm.a(lib_a-wf_log10.o)
                              (log10f)
newlib-libm.a(lib_a-wf_log.o)
                              newlib-libm.a(lib_a-sf_log2.o) (logf)
newlib-libm.a(lib_a-wf_pow.o)
                              menu.o (powf)
newlib-libm.a(lib_a-wf_sqrt.o)
                              focus.o (sqrtf)
newlib-libm.a(lib_a-ef_acos.o)
                              newlib-libm.a(lib_a-wf_acos.o) (__ieee754_acosf)
newlib-libm.a(lib_a-ef_asin.o)
                              newlib-libm.a(lib_a-wf_asin.o) (__ieee754_asinf)
newlib-libm.a(lib_a-ef_atan2.o)
                              newlib-libm.a(lib_a-wf_atan2.o) (__ieee754_atan2f)
newlib-libm.a(lib_a-ef_exp.o)
                              newlib-libm.a(lib_a-wf_exp.o) (__ieee754_expf)
newlib-libm.a(lib_a-ef_fmod.o)
                              newlib-libm.a(lib_a-wf_fmod.o) (__ieee754_fmodf)
newlib-libm.a(lib_a-ef_log10.o)
                              newlib-libm.a(lib_a-wf_log10.o) (__ieee754_log10f)
newlib-libm.a(lib_a-ef_log.o)
                              newlib-libm.a(lib_a-wf_log.o) (__ieee754_logf)
newlib-libm.a(lib_a-ef_pow.o)
                              newlib-libm.a(lib_a-wf_pow.o) (__ieee754_powf)
newlib-libm.a(lib_a-ef_rem_pio2.o)
                              newlib-libm.a(lib_a-sf_cos.o) (__ieee754_rem_pio2f)
newlib-libm.a(lib_a-ef_sqrt.o)
                              newlib-libm.a(lib_a-wf_sqrt.o) (__ieee754_sqrtf)
newlib-libm.a(lib_a-kf_cos.o)
                              newlib-libm.a(lib_a-sf_cos.o) (__kernel_cosf)
newlib-libm.a(lib_a-kf_rem_pio2.o)
                              newlib-libm.a(lib_a-ef_rem_pio2.o) (__kernel_rem_pio2f)
newlib-libm.a(lib_a-kf_sin.o)
                              newlib-libm.a(lib_a-sf_cos.o) (__kernel_sinf)
newlib-libm.a(lib_a-kf_tan.o)
                              newlib-libm.a(lib_a-sf_tan.o) (__kernel_tanf)
newlib-libm.a(lib_a-sf_atan.o)
                              newlib-libm.a(lib_a-ef_atan2.o) (atanf)
newlib-libm.a(lib_a-sf_fabs.o)
                              newlib-libm.a(lib_a-wf_acos.o) (fabsf)
newlib-libm.a(lib_a-sf_finite.o)
                              newlib-libm.a(lib_a-wf_exp.o) (finitef)
newlib-libm.a(lib_a-sf_floor.o)
                              newlib-libm.a(lib_a-kf_rem_pio2.o) (floorf)
newlib-libm.a(lib_a-sf_fpclassify.o)
                              newlib-libm.a(lib_a-wf_acos.o) (__fpclassifyf)
newlib-libm.a(lib_a-sf_nan.o)
                              newlib-libm.a(lib_a-ef_pow.o) (nanf)
newlib-libm.a(lib_a-sf_scalbn.o)
                              newlib-libm.a(lib_a-ef_pow.o) (scalbnf)
newlib-libm.a(lib_a-s_lib_ver.o)
                              newlib-libm.a(lib_a-wf_acos.o) (__fdlib_version)
newlib-libm.a(lib_a-s_matherr.o)
                              newlib-libm.a(lib_a-wf_acos.o) (matherr)
[...]
Memory Configuration

Name             Origin             Length             Attributes
*default*        0x0000000000000000 0xffffffffffffffff

Linker script and memory map

                0x000000000009e1e0                . = 0x9e1e0

.text           0x000000000009e1e0    0x54060
                0x000000000009e1e0                _text_start = .
 *(.text)
 .text          0x000000000009e1e0        0x4 entry.o
                0x000000000009e1e0                _start
 .text          0x000000000009e1e4        0x0 ../../platform/EOSM.202/stubs.o
 .text          0x000000000009e1e4        0x0 version.o
 *fill*         0x000000000009e1e4        0xc 
 .text          0x000000000009e1f0      0x37c backtrace.o
                0x000000000009e1f0                eos_backtrace_rebuild
                0x000000000009e530                backtrace_print
                0x000000000009e558                backtrace_getstr
 *fill*         0x000000000009e56c        0x4 
 .text          0x000000000009e570      0x76c boot-hack.o
                0x000000000009e98c                copy_and_restart
                0x000000000009ebd8                magic_is_off
                0x000000000009ebe8                _disable_ml_startup
                0x000000000009ebfc                hold_your_horses
                0x000000000009ec24                get_assert_msg
                0x000000000009ec30                ml_assert_handler
                0x000000000009ecb0                ml_crash_message
 *fill*         0x000000000009ecdc        0x4 
 .text          0x000000000009ece0      0xb54 fio-ml.o
                0x000000000009ef1c                get_ml_card
                0x000000000009ef2c                get_shooting_card
                0x000000000009ef3c                get_card
                0x000000000009ef7c                get_free_space_32k
                0x000000000009efa0                _card_tweaks
                0x000000000009efa4                get_dcim_dir_suffix
                0x000000000009efb0                get_dcim_dir
                0x000000000009effc                FIO_OpenFile
                0x000000000009f030                FIO_GetFileSize
                0x000000000009f05c                FIO_RemoveFile
                0x000000000009f080                FIO_FindFirstEx
                0x000000000009f0ac                FIO_RenameFile
                0x000000000009f0e4                FIO_GetFileSize_direct
                0x000000000009f118                FIO_ReadFile
                0x000000000009f218                FIO_WriteFile
                0x000000000009f248                is_file
                0x000000000009f26c                is_dir
                0x000000000009f298                _find_ml_card
                0x000000000009f360                FIO_CreateDirectory
                0x000000000009f408                FIO_CreateFile
                0x000000000009f48c                FIO_CreateFileOrAppend
                0x000000000009f4d8                FIO_CopyFile
                0x000000000009f5b0                FIO_MoveFile
                0x000000000009f5d4                get_numbered_file_name
                0x000000000009f654                dump_seg
                0x000000000009f688                dump_big_seg
                0x000000000009f700                read_file
                0x000000000009f744                read_entire_file
                0x000000000009f7d8                my_fprintf
 *fill*         0x000000000009f834        0xc 
 .text          0x000000000009f840     0x2314 mem.o
                0x000000000009f848                GetFreeMemForMalloc
                0x000000000009fa04                GetFreeMemForAllocateMemory
                0x00000000000a019c                __priv_malloc
                0x00000000000a01a0                __priv_free
                0x00000000000a01a4                __priv_AllocateMemory
                0x00000000000a01a8                __priv_FreeMemory
                0x00000000000a01ac                __priv_alloc_dma_memory
                0x00000000000a01b0                __priv_free_dma_memory
                0x00000000000a01b4                __priv_shoot_malloc
                0x00000000000a01b8                __priv_shoot_free
                0x00000000000a01bc                format_memory_size
                0x00000000000a1500                __mem_malloc
                0x00000000000a17e8                __mem_free
                0x00000000000a19e4                shoot_malloc_suite
                0x00000000000a1a1c                shoot_free_suite
                0x00000000000a1a4c                srm_malloc_suite
                0x00000000000a1a84                srm_free_suite
                0x00000000000a1ab4                shoot_malloc_suite_contig
                0x00000000000a1aec                _mem_init
                0x00000000000a1b3c                mem_menu_init
 *fill*         0x00000000000a1b54        0xc 
 .text          0x00000000000a1b60        0x0 ico.o
 .text          0x00000000000a1b60      0x588 edmac.o
                0x00000000000a1b68                edmac_index_to_channel
                0x00000000000a1ba8                edmac_get_dir
                0x00000000000a1be0                edmac_channel_to_index
                0x00000000000a1c7c                edmac_get_base
                0x00000000000a1cc8                edmac_get_channel
                0x00000000000a1d24                edmac_get_state
                0x00000000000a1d44                edmac_get_flags
                0x00000000000a1d68                edmac_get_address
                0x00000000000a1d8c                edmac_get_pointer
                0x00000000000a1dac                edmac_get_length
                0x00000000000a1dd0                edmac_get_connection
                0x00000000000a1e88                edmac_fix_off1
                0x00000000000a1e94                edmac_fix_off2
                0x00000000000a1e98                edmac_get_info
                0x00000000000a1fb8                edmac_get_total_size
                0x00000000000a204c                edmac_bytes_per_transfer
 *fill*         0x00000000000a20e8        0x8 
 .text          0x00000000000a20f0     0x8750 menu.o
                0x00000000000a2478                menu_open_submenu
                0x00000000000a5608                get_menu_edit_mode
                0x00000000000a5618                menu_set_dirty
                0x00000000000a562c                menu_enable_lv_transparent_mode
                0x00000000000a5658                menu_disable_lv_transparent_mode
                0x00000000000a566c                menu_get_root
                0x00000000000a567c                menu_numeric_toggle
                0x00000000000a5704                menu_numeric_toggle_time
                0x00000000000a5a4c                menu_add
                0x00000000000a5a8c                customize_menu_init
                0x00000000000a5b1c                menu_remove
                0x00000000000a5cf0                menu_redraw
                0x00000000000a5d50                menu_redraw_flood
                0x00000000000a5dfc                handle_ml_menu_keyrepeat
                0x00000000000a5e6c                keyrepeat_ack
                0x00000000000a5e8c                handle_ml_menu_touch
                0x00000000000a5efc                menu_init
                0x00000000000a60a0                gui_menu_shown
                0x00000000000a60b0                is_submenu_or_edit_mode_active
                0x00000000000a60ec                is_menu_help_active
                0x00000000000a6114                menu_active_but_hidden
                0x00000000000a613c                menu_active_and_not_hidden
                0x00000000000a6184                gui_stop_menu
                0x00000000000a66a0                run_in_separate_task
                0x00000000000a6700                gui_open_menu
                0x00000000000a6724                is_menu_entry_selected
                0x00000000000a677c                is_menu_selected
                0x00000000000a67b4                is_menu_active
                0x00000000000a7f88                select_menu
                0x00000000000a7ffc                select_menu_by_name
                0x00000000000a8cf4                menu_benchmark
                0x00000000000a8ea4                handle_ml_menu_erase
                0x00000000000a8f48                handle_longpress_events
                0x00000000000a9048                menu_close_submenu
                0x00000000000a9070                menu_toggle_submenu
                0x00000000000a96c4                handle_ml_menu_keys
                0x00000000000a9f18                handle_quick_access_menu_items
                0x00000000000a9f20                config_menu_save_flags
                0x00000000000aa124                menu_get_value_from_script
                0x00000000000aa17c                menu_get_str_value_from_script
                0x00000000000aa1c4                menu_set_str_value_from_script
                0x00000000000aa600                menu_set_value_from_script
                0x00000000000aa6f0                menu_request_image_backend
                0x00000000000aa78c                menu_advanced_toggle
                0x00000000000aa7bc                menu_advanced_update
 .text          0x00000000000aa840     0x1870 debug.o
                0x00000000000ab400                _card_led_on
                0x00000000000ab418                _card_led_off
                0x00000000000ab430                info_led_on
                0x00000000000ab448                info_led_off
                0x00000000000ab460                info_led_blink
                0x00000000000abc44                scan_A5A5
                0x00000000000abd90                request_crash_log
                0x00000000000abda0                request_core_dump
                0x00000000000abdbc                menu_kill_flicker
                0x00000000000abdcc                debug_init
                0x00000000000abdd0                debug_init_stuff
                0x00000000000abde8                handle_keep_ml_after_format_toggle
                0x00000000000abe5c                debug_menu_init
                0x00000000000abea4                spy_event
                0x00000000000abf04                get_halfshutter_pressed
                0x00000000000abf2c                get_zoom_out_pressed
                0x00000000000abf3c                handle_buttons_being_held
                0x00000000000abf64                handle_tricky_canon_calls
                0x00000000000ac070                EngDrvOut
                0x00000000000ac098                engio_write
 .text          0x00000000000ac0b0      0x160 rand.o
                0x00000000000ac0b0                rand_fill
                0x00000000000ac190                rand_seed
 .text          0x00000000000ac210      0x158 posix.o
                0x00000000000ac210                rand
                0x00000000000ac238                srand
                0x00000000000ac23c                strdup
                0x00000000000ac26c                time
                0x00000000000ac274                clock
                0x00000000000ac278                calloc
                0x00000000000ac2b4                realloc
                0x00000000000ac300                strlcat
                0x00000000000ac350                strcat
 *fill*         0x00000000000ac368        0x8 
 .text          0x00000000000ac370       0xe4 util.o
                0x00000000000ac370                util_atomic_inc
                0x00000000000ac3a4                util_atomic_dec
                0x00000000000ac3d8                bin_search
 *fill*         0x00000000000ac454        0xc 
 .text          0x00000000000ac460       0x98 imath.o
                0x00000000000ac460                powi
                0x00000000000ac48c                log2i
                0x00000000000ac4a4                log10i
                0x00000000000ac4c8                log_length
 *fill*         0x00000000000ac4f8        0x8 
 .text          0x00000000000ac500        0x8 electronic_level.o
 *fill*         0x00000000000ac508        0x8 
 .text          0x00000000000ac510       0x6c cfn.o
                0x00000000000ac524                get_htp
                0x00000000000ac530                set_htp
                0x00000000000ac540                get_mlu
                0x00000000000ac548                set_mlu
                0x00000000000ac54c                cfn_get_af_button_assignment
                0x00000000000ac558                cfn_set_af_button
                0x00000000000ac568                get_alo
 *fill*         0x00000000000ac57c        0x4 
 .text          0x00000000000ac580      0x10c gui.o
                0x00000000000ac580                ml_gui_main_task
 *fill*         0x00000000000ac68c        0x4 
 .text          0x00000000000ac690      0x260 picstyle.o
                0x00000000000ac758                get_prop_picstyle_from_index
                0x00000000000ac810                get_prop_picstyle_index
 .text          0x00000000000ac8f0      0xbd4 exmem.o
                0x00000000000accb8                GetNumberOfChunks
                0x00000000000acd00                GetSizeOfMemorySuite
                0x00000000000acd48                GetSizeOfMemoryChunk
                0x00000000000acd90                _shoot_free_suite
                0x00000000000acdcc                exmem_save_buffer
                0x00000000000ace4c                exmem_clear
                0x00000000000aceb0                _shoot_malloc_suite
                0x00000000000acf2c                _shoot_malloc_suite_contig
                0x00000000000ad098                _shoot_malloc
                0x00000000000ad0c4                _shoot_free
                0x00000000000ad104                _shoot_get_free_space
                0x00000000000ad12c                _srm_malloc_suite
                0x00000000000ad240                _srm_free_suite
                0x00000000000ad344                _srm_free
                0x00000000000ad390                _srm_malloc
                0x00000000000ad408                _srm_get_max_region
                0x00000000000ad464                _srm_get_free_space
 *fill*         0x00000000000ad4c4        0xc 
 .text          0x00000000000ad4d0     0x1a8c bmp.o
                0x00000000000ad630                BMP_VRAM_START
                0x00000000000ad6e0                bmp_vram_real
                0x00000000000ad700                bmp_vram_idle
                0x00000000000ad710                bmp_draw_to_idle
                0x00000000000ad720                bmp_vram
                0x00000000000ad73c                bmp_idle_copy
                0x00000000000ad83c                bmp_putpixel_fast
                0x00000000000ad84c                bmp_puts
                0x00000000000ad8e4                bmp_printf
                0x00000000000ad938                big_bmp_printf
                0x00000000000ad9b8                bmp_string_width
                0x00000000000ad9d8                bmp_strlen_clipped
                0x00000000000ad9f8                bmp_fill
                0x00000000000adaa8                bmp_load_ram
                0x00000000000adde4                bmp_load
                0x00000000000adea8                clrscr
                0x00000000000adeec                bmp_getpixel
                0x00000000000adf60                bmp_putpixel
                0x00000000000adfc4                bmp_draw_rect
                0x00000000000ae064                bmp_draw_rect_chamfer
                0x00000000000ae204                bmp_draw_request_stop
                0x00000000000ae218                bmp_draw_scaled_ex
                0x00000000000ae85c                bfnt_draw_char
                0x00000000000ae9d4                bfnt_char_get_width
                0x00000000000aea24                bmp_flip
                0x00000000000aeb64                bmp_flip_ex
                0x00000000000aed18                bmp_is_on
                0x00000000000aed30                bmp_on
                0x00000000000aed88                bmp_off
                0x00000000000aede0                bmp_mute_flag_reset
                0x00000000000aedf8                bmp_zoom
 *fill*         0x00000000000aef5c        0x4 
 .text          0x00000000000aef60      0xf18 rbf_font.o
                0x00000000000af448                font_by_name
                0x00000000000af774                rbf_str_width
                0x00000000000af7c0                rbf_str_clipped_width
                0x00000000000af7f4                rbf_strlen_clipped
                0x00000000000af830                rbf_draw_string
                0x00000000000afd38                _load_fonts
 *fill*         0x00000000000afe78        0x8 
 .text          0x00000000000afe80      0x378 stdio.o
                0x00000000000afe80                streq
                0x00000000000aff18                toupper
                0x00000000000aff28                tolower
                0x00000000000aff38                __errno
                0x00000000000aff44                islower
                0x00000000000aff58                isupper
                0x00000000000aff6c                isalpha
                0x00000000000aff84                isdigit
                0x00000000000aff98                isxdigit
                0x00000000000affb8                isalnum
                0x00000000000affe8                ispunct
                0x00000000000b0008                isgraph
                0x00000000000b0038                isspace
                0x00000000000b0058                iscntrl
                0x00000000000b0078                snprintf
                0x00000000000b00a4                memset64
                0x00000000000b013c                memcpy64
 *fill*         0x00000000000b01f8        0x8 
 .text          0x00000000000b0200       0x18 movie_menu_raw_only.o
 *fill*         0x00000000000b0218        0x8 
 .text          0x00000000000b0220     0x10bc config.o
                0x00000000000b08f4                config_save_file
                0x00000000000b0a6c                config_flag_file_setting_load
                0x00000000000b0a88                config_flag_file_setting_save
                0x00000000000b0b4c                config_parse_file
                0x00000000000b0c44                get_config_var
                0x00000000000b0c64                set_config_var
                0x00000000000b0c7c                set_config_var_ptr
                0x00000000000b0cbc                config_var_was_changed
                0x00000000000b0ce4                config_var_restore_default
                0x00000000000b0d04                module_config_load
                0x00000000000b0d68                module_config_save
                0x00000000000b0e90                get_config_dir
                0x00000000000b0e9c                get_config_preset_name
                0x00000000000b0eac                handle_select_config_file_by_key_at_startup
                0x00000000000b0f10                config_load
                0x00000000000b1208                config_save
                0x00000000000b128c                config_save_at_shutdown
 *fill*         0x00000000000b12dc        0x4 
 .text          0x00000000000b12e0      0xb7c bitrate.o
                0x00000000000b19a4                hibr_should_record_wav
                0x00000000000b19ac                bitrate_mvr_log
                0x00000000000b1a58                time_indicator_show
                0x00000000000b1b5c                is_mvr_buffer_almost_full
                0x00000000000b1bd8                show_mvr_buffer_status
                0x00000000000b1e58                movie_indicators_show
 *fill*         0x00000000000b1e5c        0x4 
 .text          0x00000000000b1e60        0x0 lcdsensor.o
 .text          0x00000000000b1e60     0x2bbc tweaks.o
                0x00000000000b2800                get_expsim
                0x00000000000b297c                set_expsim
                0x00000000000b29d4                set_backlight_level
                0x00000000000b2a04                afframe_set_dirty
                0x00000000000b2a18                afframe_clr_dirty
                0x00000000000b2a2c                clear_lv_afframe
                0x00000000000b2cc4                clear_lv_afframe_if_dirty
                0x00000000000b2d30                handle_fast_zoom_box
                0x00000000000b2d38                display_shortcut_key_hints_lv
                0x00000000000b2d3c                handle_upside_down
                0x00000000000b2e28                alter_bitmap_palette_entry
                0x00000000000b3afc                anamorphic_squeeze_bmp_y
                0x00000000000b3bfc                defish_draw_play
                0x00000000000b4058                display_filter_get_buffers
                0x00000000000b4350                display_filter_enabled
                0x00000000000b43fc                display_filter_lv_vsync
                0x00000000000b4454                display_filter_step
                0x00000000000b4a14                arrow_keys_shortcuts_active
 .text          0x00000000000b4a1c        0x0 tweaks-eyefi.o
 *fill*         0x00000000000b4a1c        0x4 
 .text          0x00000000000b4a20     0x4b7c lens.o
                0x00000000000b5aa8                lens_format_dist
                0x00000000000b5bf4                should_draw_bottom_bar
                0x00000000000b5c5c                raw2shutter_ms
                0x00000000000b5cb0                shutter_ms_to_raw
                0x00000000000b5cfc                shutterf_to_raw
                0x00000000000b5d48                raw2shutterf
                0x00000000000b5d88                expo_value_rounding_ok
                0x00000000000b5de0                round_shutter
                0x00000000000b5e94                round_aperture
                0x00000000000b5f90                round_expo_comp
                0x00000000000b601c                lens_set_ae
                0x00000000000b6064                round_flash_expo_comp
                0x00000000000b60f0                lens_set_flash_ae
                0x00000000000b6138                get_shootmode_name
                0x00000000000b6328                get_shootmode_name_short
                0x00000000000b6518                get_ml_topbar_pos
                0x00000000000b65fc                get_ml_bottombar_pos
                0x00000000000b669c                draw_ml_bottombar
                0x00000000000b66bc                lens_format_shutter_reciprocal
                0x00000000000b6964                lens_format_shutter
                0x00000000000b6b08                free_space_show_photomode
                0x00000000000b6b84                draw_ml_topbar
                0x00000000000b6ba4                update_lens_display
                0x00000000000b6bc8                lens_focus
                0x00000000000b6da4                mlu_lock_mirror_if_needed
                0x00000000000b6ec4                raw2index_iso
                0x00000000000b6ef8                raw2iso
                0x00000000000b7048                lens_format_iso
                0x00000000000b74b0                val2raw_iso
                0x00000000000b74f4                raw2index_shutter
                0x00000000000b7528                val2raw_shutter
                0x00000000000b7564                raw2index_aperture
                0x00000000000b7598                lens_format_aperture
                0x00000000000b768c                val2raw_aperture
                0x00000000000b76cc                lens_set_custom_wb_gains
                0x00000000000b7770                lens_set_kelvin
                0x00000000000b7880                lens_set_kelvin_value_only
                0x00000000000b7928                split_iso
                0x00000000000b7988                iso_components_update
                0x00000000000b7bd8                iso_auto_restore_hack
                0x00000000000b7f14                _prop_lv_lens_request_update
                0x00000000000b7f2c                job_state_ready_to_take_pic
                0x00000000000b7f64                lens_wait_readytotakepic
                0x00000000000b8070                assign_af_button_to_halfshutter
                0x00000000000b80d0                assign_af_button_to_star_button
                0x00000000000b8130                lens_setup_af
                0x00000000000b81a0                restore_af_button_assignment
                0x00000000000b8208                restore_af_button_assignment_at_shutdown
                0x00000000000b8244                lens_cleanup_af
                0x00000000000b8248                lens_take_picture
                0x00000000000b8714                crop_factor_menu_init
                0x00000000000b875c                lens_get_contrast
                0x00000000000b87a4                lens_get_sharpness
                0x00000000000b87e8                lens_get_saturation
                0x00000000000b8830                lens_get_color_tone
                0x00000000000b8874                lens_get_from_other_picstyle_contrast
                0x00000000000b88a8                lens_get_from_other_picstyle_sharpness
                0x00000000000b88d8                lens_get_from_other_picstyle_saturation
                0x00000000000b890c                lens_get_from_other_picstyle_color_tone
                0x00000000000b8940                lens_set_contrast
                0x00000000000b89bc                lens_set_sharpness
                0x00000000000b8a38                lens_set_saturation
                0x00000000000b8ab8                lens_set_color_tone
                0x00000000000b8b34                SW1
                0x00000000000b8b7c                SW2
                0x00000000000b8bc4                expo_override_active
                0x00000000000b8bf0                bv_update_lensinfo
                0x00000000000b8c50                bv_apply_tv
                0x00000000000b8c9c                bv_apply_av
                0x00000000000b8cec                bv_apply_iso
                0x00000000000b8e70                bv_set_rawshutter
                0x00000000000b8ed8                bv_set_rawiso
                0x00000000000b8f38                bv_set_rawaperture
                0x00000000000b8f84                bv_auto_update
                0x00000000000b914c                lens_set_rawaperture
                0x00000000000b9188                lens_set_rawiso
                0x00000000000b91c4                lens_set_rawshutter
                0x00000000000b92e4                lens_set_drivemode
                0x00000000000b931c                lens_set_wbs_gm
                0x00000000000b9350                lens_set_wbs_ba
                0x00000000000b9384                hdr_set_rawiso
                0x00000000000b9394                hdr_set_rawshutter
                0x00000000000b93c8                hdr_set_rawaperture
                0x00000000000b941c                hdr_set_ae
                0x00000000000b9454                hdr_set_flash_ae
                0x00000000000b9488                get_max_analog_iso
                0x00000000000b9490                get_max_ae_ev
                0x00000000000b9498                get_ae_value
                0x00000000000b94a8                get_bv
                0x00000000000b958c                get_ae_state
 *fill*         0x00000000000b959c        0x4 
 .text          0x00000000000b95a0      0x468 property.o
                0x00000000000b9680                prop_add_handler
                0x00000000000b9710                prop_add_internal_handlers
                0x00000000000b9740                prop_reset_registration
                0x00000000000b9770                prop_init
                0x00000000000b9774                prop_update_registration
                0x00000000000b978c                prop_request_change
                0x00000000000b9928                prop_request_change_wait
 *fill*         0x00000000000b9a08        0x8 
 .text          0x00000000000b9a10      0xa04 propvalues.o
                0x00000000000b9e6c                is_camera
                0x00000000000b9f20                is_movie_mode
                0x00000000000b9f3c                set_recording_custom
                0x00000000000b9f4c                get_video_mode_name
                0x00000000000ba2f8                get_display_device_name
 *fill*         0x00000000000ba414        0xc 
 .text          0x00000000000ba420      0xbe8 gui-common.o
                0x00000000000ba4e4                is_canon_bottom_bar_dirty
                0x00000000000ba4f4                get_last_time_active
                0x00000000000ba504                handle_other_events
                0x00000000000ba610                handle_common_events_startup
                0x00000000000ba68c                reset_pre_shutdown_flag_step
                0x00000000000ba6d4                check_pre_shutdown_flag
                0x00000000000ba728                handle_scrollwheel_fast_clicks
                0x00000000000ba7b4                handle_flexinfo_keys
                0x00000000000ba7bc                handle_common_events_by_feature
                0x00000000000baa08                detect_double_click
                0x00000000000bab00                get_info_button_name
                0x00000000000bab0c                gui_uilock
                0x00000000000babbc                fake_simple_button
                0x00000000000bac18                display_is_on
                0x00000000000bac30                delayed_call
                0x00000000000bac3c                redraw_after
                0x00000000000bac4c                get_gui_mode
                0x00000000000bac58                enter_play_mode
                0x00000000000bacf8                enter_menu_mode
                0x00000000000bad98                exit_play_qr_menu_mode
                0x00000000000bae5c                exit_play_qr_mode
                0x00000000000bae90                exit_menu_mode
                0x00000000000baeb8                is_pure_play_photo_mode
                0x00000000000baf04                is_pure_play_movie_mode
                0x00000000000baf50                is_pure_play_photo_or_movie_mode
                0x00000000000baf78                is_play_or_qr_mode
                0x00000000000bafb0                is_play_mode
                0x00000000000bafdc                is_menu_mode
 *fill*         0x00000000000bb008        0x8 
 .text          0x00000000000bb010      0x398 chdk-gui_draw.o
                0x00000000000bb010                draw_line
                0x00000000000bb108                draw_circle
                0x00000000000bb240                fill_circle
                0x00000000000bb300                draw_angled_line
 *fill*         0x00000000000bb3a8        0x8 
 .text          0x00000000000bb3b0      0x89c movtweaks.o
                0x00000000000bb510                save_kelvin_wb
                0x00000000000bb54c                restore_kelvin_wb
                0x00000000000bb5a8                kelvin_wb_workaround_step
                0x00000000000bb5d8                set_shooting_mode
                0x00000000000bb640                force_liveview
                0x00000000000bb744                close_liveview
                0x00000000000bb770                movtweak_task_init
                0x00000000000bb79c                movtweak_step
                0x00000000000bb998                get_screen_layout_ptr
                0x00000000000bb9dc                get_screen_layout
                0x00000000000bba2c                screen_layout_update
                0x00000000000bba48                screen_layout_toggle
                0x00000000000bba74                bv_enable
                0x00000000000bbb80                bv_disable
                0x00000000000bbbfc                bv_toggle
                0x00000000000bbc34                movie_tweak_menu_init
 *fill*         0x00000000000bbc4c        0x4 
 .text          0x00000000000bbc50      0x5d0 menuhelp.o
                0x00000000000bbc50                draw_beta_warning
                0x00000000000bbd68                draw_404_page
                0x00000000000bbe44                draw_help_not_installed_page
                0x00000000000bbed8                menu_help_show_page
                0x00000000000bbfd8                menu_help_redraw
                0x00000000000bc00c                menu_help_next_page
                0x00000000000bc050                menu_help_prev_page
                0x00000000000bc094                menu_help_go_to_page
                0x00000000000bc0b4                str_make_lowercase
                0x00000000000bc0d8                menu_help_go_to_label
 .text          0x00000000000bc220       0x78 menuindex.o
 *fill*         0x00000000000bc298        0x8 
 .text          0x00000000000bc2a0     0x166c focus.o
                0x00000000000bc9cc                reset_override_zoom_buttons
                0x00000000000bc9e0                LensFocus
                0x00000000000bca00                LensFocus2
                0x00000000000bcbb0                is_follow_focus_active
                0x00000000000bcbb8                get_follow_focus_mode
                0x00000000000bcbc0                get_follow_focus_dir_v
                0x00000000000bcbdc                get_follow_focus_dir_h
                0x00000000000bcbf8                focus_calc_dof
                0x00000000000bcf10                focus_dist_update
                0x00000000000bd094                is_focus_stack_enabled
                0x00000000000bd0bc                is_rack_focus_enabled
                0x00000000000bd0d4                rack_focus_start_now
                0x00000000000bd0f4                lens_focus_start
                0x00000000000bd114                lens_focus_enqueue_step
                0x00000000000bd148                lens_focus_stop
                0x00000000000bd15c                get_focus_graph
                0x00000000000bd180                can_lv_trap_focus_be_active
                0x00000000000bd188                get_lv_focus_confirmation
                0x00000000000bd190                get_focus_confirmation
                0x00000000000bd19c                is_manual_focus
                0x00000000000bd1bc                should_override_zoom_buttons
                0x00000000000bd320                focus_stack_run
                0x00000000000bd810                handle_rack_focus_menu_overrides
 *fill*         0x00000000000bd90c        0x4 
 .text          0x00000000000bd910      0x1dc notify_box.o
                0x00000000000bda2c                NotifyBoxHide
                0x00000000000bda40                NotifyBox
 *fill*         0x00000000000bdaec        0x4 
 .text          0x00000000000bdaf0      0x260 bootflags.o
                0x00000000000bdb30                bootflag_write_bootblock
 .text          0x00000000000bdd50       0xb4 dialog_test.o
                0x00000000000bdd50                get_current_dialog_handler
                0x00000000000bdd74                canon_gui_disable_front_buffer
                0x00000000000bddac                canon_gui_enable_front_buffer
                0x00000000000bddf8                canon_gui_front_buffer_disabled
 *fill*         0x00000000000bde04        0xc 
 .text          0x00000000000bde10      0x8ec vram.o
                0x00000000000bde7c                vram_params_set_dirty
                0x00000000000bdecc                _update_vram_params
                0x00000000000be470                yuv422_buffer_check
                0x00000000000be49c                get_lcd_422_buf
                0x00000000000be4f0                guess_fastrefresh_direction
                0x00000000000be55c                get_fastrefresh_422_buf
                0x00000000000be5e0                get_yuv422_vram
                0x00000000000be688                get_yuv422_hd_vram
                0x00000000000be6cc                vram_clear_lv
 *fill*         0x00000000000be6fc        0x4 
 .text          0x00000000000be700      0x4b4 greenscreen.o
                0x00000000000be700                green_screen_step
 *fill*         0x00000000000bebb4        0xc 
 .text          0x00000000000bebc0     0x257c fps-engio.o
                0x00000000000bf458                EngDrvOutLV
                0x00000000000bfb5c                fps_should_record_wav
                0x00000000000bfb64                get_current_tg_freq
                0x00000000000bff18                get_max_shutter_timer
                0x00000000000bff4c                get_shutter_speed_us_from_timer
                0x00000000000bff88                was_sound_recording_disabled_by_fps_override
                0x00000000000bffa0                fps_get_current_x1000
                0x00000000000bffe0                fps_override_shutter_blanking
                0x00000000000c0194                get_current_shutter_reciprocal_x1000
                0x00000000000c0244                fps_get_shutter_speed_shift
                0x00000000000c0ec0                fps_update_timers_from_evfstate
                0x00000000000c0f48                fps_mvr_log
                0x00000000000c0fb0                handle_fps_events
                0x00000000000c1088                fps_get_iso_correction_evx8
                0x00000000000c1090                fps_expo_iso_step
                0x00000000000c1094                get_frame_iso
                0x00000000000c10a4                set_frame_iso
                0x00000000000c10b4                get_frame_shutter_timer
                0x00000000000c10c4                set_frame_shutter_timer
                0x00000000000c10dc                set_frame_shutter
                0x00000000000c110c                can_set_frame_shutter_timer
                0x00000000000c1128                can_set_frame_iso
                0x00000000000c112c                get_frame_aperture
 *fill*         0x00000000000c113c        0x4 
 .text          0x00000000000c1140     0x80e4 shoot.o
                0x00000000000c115c                is_native_iso
                0x00000000000c1704                iso_toggle
                0x00000000000c1888                shutter_toggle
                0x00000000000c194c                kelvin_toggle
                0x00000000000c2ef0                aperture_toggle
                0x00000000000c2fa8                kelvin_n_gm_auto
                0x00000000000c36d0                display_idle
                0x00000000000c3a7c                uniwb_is_active
                0x00000000000c3d44                is_hdr_bracketing_enabled
                0x00000000000c3fdc                is_intervalometer_running
                0x00000000000c3fec                get_interval_count
                0x00000000000c3ffc                get_interval_time
                0x00000000000c400c                set_interval_time
                0x00000000000c401c                format_time_hours_minutes_seconds
                0x00000000000c4110                get_bulb_shutter_raw_equiv
                0x00000000000c412c                get_seconds_clock
                0x00000000000c42e4                get_ms_clock
                0x00000000000c435c                get_us_clock
                0x00000000000c43c8                should_run_polling_action
                0x00000000000c43f4                get_trap_focus
                0x00000000000c4404                set_flash_firing
                0x00000000000c4444                get_afframe_pos
                0x00000000000c44c8                get_afframe_sensor_res
                0x00000000000c44f0                set_lv_zoom
                0x00000000000c45a8                get_mlu_delay
                0x00000000000c45d0                focus_box_get_raw_crop_offset
                0x00000000000c473c                move_lv_afframe
                0x00000000000c48c0                handle_lv_afframe_workaround
                0x00000000000c497c                next_image_in_play_mode
                0x00000000000c4a08                ensure_movie_mode
                0x00000000000c4a64                ensure_photo_mode
                0x00000000000c4a9c                is_lowgain_iso
                0x00000000000c4b0c                is_round_iso
                0x00000000000c4b58                get_picstyle_name
                0x00000000000c4f38                get_picstyle_shortname
                0x00000000000c504c                mvr_rec_start_shoot
                0x00000000000c5120                zoom_focus_ring_trigger
                0x00000000000c51a4                zoom_focus_ring_engage
                0x00000000000c524c                handle_zoom_x5_x10
                0x00000000000c5314                zoom_sharpen_step
                0x00000000000c552c                is_bulb_mode
                0x00000000000c5bdc                ensure_bulb_mode
                0x00000000000c5c84                set_drive_single
                0x00000000000c5cb0                bulb_take_pic
                0x00000000000c6148                expo_lock_update_value
                0x00000000000c6160                handle_expo_preset
                0x00000000000c6330                hdr_flag_picture_was_taken
                0x00000000000c6344                hdr_script_get_first_file_number
                0x00000000000c6380                hdr_create_script
                0x00000000000c677c                interval_create_script
                0x00000000000c6a10                take_a_pic
                0x00000000000c6e88                movie_start
                0x00000000000c6f40                movie_end
                0x00000000000c702c                hdr_shot
                0x00000000000c7474                schedule_remote_shot
                0x00000000000c7488                schedule_movie_start
                0x00000000000c749c                schedule_movie_end
                0x00000000000c74b0                display_shooting_info_lv
                0x00000000000c74b4                display_trap_focus_info
                0x00000000000c74b8                intervalometer_stop
                0x00000000000c7524                handle_intervalometer
                0x00000000000c756c                wait_till_next_second
                0x00000000000c7590                is_continuous_drive
                0x00000000000c75ac                take_fast_pictures
                0x00000000000c76e0                remote_shot
                0x00000000000c9204                shoot_task_redraw
                0x00000000000c9220                iso_refresh_display
 *fill*         0x00000000000c9224        0xc 
 .text          0x00000000000c9230      0xa68 hdr.o
                0x00000000000c94a8                hdr_video_enabled
                0x00000000000c94c8                hdr_get_iso_range
                0x00000000000c94fc                hdr_step
                0x00000000000c96b4                hdr_kill_flicker
                0x00000000000c97ac                get_effective_hdr_iso_for_display
                0x00000000000c9bd4                hdr_mvr_log
 *fill*         0x00000000000c9c98        0x8 
 .text          0x00000000000c9ca0      0x968 lv-img-engio.o
                0x00000000000ca0e4                get_digic_iso_gain_movie
                0x00000000000ca0fc                get_digic_iso_gain_photo
                0x00000000000ca114                set_display_gain_equiv
                0x00000000000ca140                set_movie_digital_iso_gain
                0x00000000000ca158                set_movie_digital_iso_gain_for_gradual_expo
                0x00000000000ca168                set_photo_digital_iso_gain_for_bv
                0x00000000000ca178                gain_to_ev_scaled
                0x00000000000ca1b8                digic_iso_print_movie
                0x00000000000ca278                display_gain_print
                0x00000000000ca2c8                digic_iso_or_gain_toggle
                0x00000000000ca360                digic_iso_toggle
                0x00000000000ca390                display_gain_toggle
                0x00000000000ca39c                digic_iso_toggle_movie
                0x00000000000ca3a8                vignetting_correction_apply_regs
                0x00000000000ca46c                shutter_finetune_step
                0x00000000000ca4d4                shutter_finetune_get_adjusted_timer
                0x00000000000ca4f8                image_effects_step
                0x00000000000ca4fc                digic_iso_step
 *fill*         0x00000000000ca608        0x8 
 .text          0x00000000000ca610      0x268 state-object.o
                0x00000000000ca7dc                wait_lv_frames
 *fill*         0x00000000000ca878        0x8 
 .text          0x00000000000ca880      0x744 tasks.o
                0x00000000000ca918                get_current_task_name
                0x00000000000ca998                get_task_name_from_id
                0x00000000000ca9ec                task_update_loads
                0x00000000000cac30                tasks_toggle_flags
                0x00000000000cac44                tasks_print
 *fill*         0x00000000000cafc4        0xc 
 .text          0x00000000000cafd0       0x5c vsync-lite.o
                0x00000000000caff4                _lv_vsync_signal
                0x00000000000cb008                _lv_vsync
 *fill*         0x00000000000cb02c        0x4 
 .text          0x00000000000cb030      0x630 tskmon.o
                0x00000000000cb06c                tskmon_trace_thread
                0x00000000000cb398                tskmon_update_loads
                0x00000000000cb4fc                tskmon_stack_check
                0x00000000000cb518                tskmon_stack_check_all
                0x00000000000cb53c                tskmon_stack_get_max
                0x00000000000cb560                tskmon_task_dispatch
                0x00000000000cb5e8                tskmon_init
                0x00000000000cb630                tskmon_trace
 .text          0x00000000000cb660        0x0 battery.o
 .text          0x00000000000cb660      0x7cc imgconv.o
                0x00000000000cb734                precompute_yuv2rgb
                0x00000000000cb7dc                yuv2rgb
                0x00000000000cb860                rgb2yuv422_rec709
                0x00000000000cb928                rgb2yuv422_rec601
                0x00000000000cba00                rgb2yuv422
                0x00000000000cba04                uyvy_split
                0x00000000000cba34                yuv_resize
                0x00000000000cbae8                yuv_halfcopy
                0x00000000000cbb7c                yuv411_to_422
                0x00000000000cbbe0                yuv411_to_rgb
                0x00000000000cbd08                yuvcpy_main
                0x00000000000cbd74                little_cleanup
                0x00000000000cbdf8                yuv422_get_pixel
 *fill*         0x00000000000cbe2c        0x4 
 .text          0x00000000000cbe30     0x1a44 histogram.o
                0x00000000000cc420                hist_build_raw
                0x00000000000cc850                raw_histo_update
                0x00000000000cc918                hist_draw_image
                0x00000000000cd0ec                hist_print
                0x00000000000cd204                hist_warn_display
                0x00000000000cd280                raw_hist_get_percentile_levels
                0x00000000000cd714                raw_hist_get_percentile_level
                0x00000000000cd740                raw_hist_get_overexposure_percentage
 *fill*         0x00000000000cd874        0xc 
 .text          0x00000000000cd880      0x3d8 falsecolor.o
                0x00000000000cd880                falsecolor_value_ex
                0x00000000000cd894                falsecolor_value
                0x00000000000cd8b4                falsecolor_fordraw
                0x00000000000cd8e0                draw_false_downsampled
                0x00000000000cdae4                falsecolor_palette_name
                0x00000000000cdb70                falsecolor_palette_preview
                0x00000000000cdbd8                falsecolor_display
                0x00000000000cdc0c                falsecolor_display_palette
 *fill*         0x00000000000cdc58        0x8 
 .text          0x00000000000cdc60      0xa28 audio-ak.o
                0x00000000000cddc8                sound_recording_enabled_canon
                0x00000000000cdde0                sound_recording_enabled
                0x00000000000cdec8                get_audio_levels
                0x00000000000cded4                audio_level_to_db
                0x00000000000ce4b0                input_toggle
                0x00000000000ce4b4                audio_meters_are_drawn
                0x00000000000ce4b8                audio_configure
                0x00000000000ce620                out_volume_up
                0x00000000000ce654                out_volume_down
 *fill*         0x00000000000ce688        0x8 
 .text          0x00000000000ce690     0x7c1c zebra.o
                0x00000000000cf9cc                get_y_skip_offset_for_overlays
                0x00000000000cfa94                get_y_skip_offset_for_histogram
                0x00000000000cfaf0                lv_luma_is_accurate
                0x00000000000cfd74                digic_zoom_overlay_enabled
                0x00000000000cfd7c                focus_peaking_as_display_filter
                0x00000000000cfd84                histogram_or_small_waveform_enabled
                0x00000000000cfdfc                get_bvram_mirror
                0x00000000000d09a8                crop_set_dirty
                0x00000000000d0a00                set_movie_cropmarks
                0x00000000000d0aa0                reset_movie_cropmarks
                0x00000000000d0ab8                get_global_draw
                0x00000000000d0c48                get_zoom_overlay_trigger_mode
                0x00000000000d0c78                get_zoom_overlay_trigger_by_focus_ring
                0x00000000000d1360                cropmark_clear_cache
                0x00000000000d2100                get_global_draw_setting
                0x00000000000d2110                zebra_highlight_raw_advanced
                0x00000000000d24b4                get_under_and_over_exposure
                0x00000000000d2670                bvram_mirror_init
                0x00000000000d26ec                get_spot_yuv_ex
                0x00000000000d28d0                get_spot_yuv
                0x00000000000d28fc                get_spot_motion
                0x00000000000d2bc0                get_spot_focus
                0x00000000000d2cdc                spotmeter_erase
                0x00000000000d36dc                handle_zoom_overlay
                0x00000000000d3764                zoom_overlay_disable
                0x00000000000d377c                zoom_overlay_set_countdown
                0x00000000000d378c                digic_zoom_overlay_step
                0x00000000000d3790                liveview_display_idle
                0x00000000000d3868                zebra_should_run
                0x00000000000d38fc                should_draw_zoom_overlay
                0x00000000000d39f8                nondigic_zoom_overlay_enabled
                0x00000000000d3fec                should_draw_bottom_graphs
                0x00000000000d4048                draw_histogram_and_waveform
                0x00000000000d4ab4                redraw
                0x00000000000d4c70                lens_display_set_dirty
                0x00000000000d4c98                _redraw_do
                0x00000000000d4d74                is_focus_peaking_enabled
                0x00000000000d4df0                update_disp_mode_bits_from_params
                0x00000000000d5ea4                update_disp_mode_params_from_bits
                0x00000000000d5f8c                get_disp_mode
                0x00000000000d5f9c                toggle_disp_mode
                0x00000000000d6084                handle_disp_preset_key
                0x00000000000d6140                handle_overlays_playback
                0x00000000000d620c                peaking_benchmark
 *fill*         0x00000000000d62ac        0x4 
 .text          0x00000000000d62b0      0x5c8 vectorscope.o
                0x00000000000d6450                vectorscope_addpixel
                0x00000000000d657c                vectorscope_should_draw
                0x00000000000d658c                vectorscope_request_draw
                0x00000000000d659c                vectorscope_start
                0x00000000000d65d8                vectorscope_redraw
 *fill*         0x00000000000d6878        0x8 
 .text          0x00000000000d6880       0x1c beep.o
                0x00000000000d6880                unsafe_beep
                0x00000000000d6884                beep
                0x00000000000d6888                Beep
                0x00000000000d688c                beep_times
                0x00000000000d6890                WAV_StartRecord
                0x00000000000d6894                WAV_StopRecord
                0x00000000000d6898                beep_custom
 *fill*         0x00000000000d689c        0x4 
 .text          0x00000000000d68a0      0x130 crop-mode-hack.o
                0x00000000000d68a0                crop_mode_hack_init
                0x00000000000d68f0                is_crop_hack_supported
                0x00000000000d6934                movie_crop_hack_enable
                0x00000000000d6988                movie_crop_hack_disable
 .text          0x00000000000d69d0       0x28 ph_info_disp.o
                0x00000000000d69d0                display_shooting_info
 *fill*         0x00000000000d69f8        0x8 
 .text          0x00000000000d6a00     0x164c flexinfo.o
                0x00000000000d6aac                info_trim_string
                0x00000000000d6b2c                info_get_cardmaker
                0x00000000000d6b34                info_get_cardmodel
                0x00000000000d6b3c                info_get_cardlabel
                0x00000000000d6b44                info_get_string
                0x00000000000d76f0                info_measure_string
                0x00000000000d778c                info_get_anchor_offset
                0x00000000000d77e4                info_get_by_name
                0x00000000000d7828                info_get_absolute
                0x00000000000d7934                info_resolve_color
                0x00000000000d79a8                info_print_string
                0x00000000000d7aec                info_print_text
                0x00000000000d7c10                info_print_fill
                0x00000000000d7c74                info_print_icon
                0x00000000000d7c90                info_print_battery_perf
                0x00000000000d7cfc                info_print_battery_icon
                0x00000000000d7d28                info_get_next_z
                0x00000000000d7d58                info_print_element
                0x00000000000d7de0                info_print_config
                0x00000000000d7ec8                info_print_screen
                0x00000000000d7f50                info_add_item
                0x00000000000d7ffc                info_free_item
 *fill*         0x00000000000d804c        0x4 
 .text          0x00000000000d8050      0x3f0 screenshot.o
                0x00000000000d8050                take_screenshot
 .text          0x00000000000d8440      0x1c4 fileprefix.o
                0x00000000000d8474                get_file_prefix
                0x00000000000d8480                file_prefix_set
                0x00000000000d8574                file_prefix_reset
 *fill*         0x00000000000d8604        0xc 
 .text          0x00000000000d8610      0xc38 lvinfo.o
                0x00000000000d8f88                lvinfo_add_items
                0x00000000000d9010                lvinfo_add_item
                0x00000000000d9018                lvinfo_display
 .text          0x00000000000d9248      0x320 builtin-enforcing.o
                0x00000000000d9248                unused_dummy_func
 *fill*         0x00000000000d9568        0x8 
 .text          0x00000000000d9570      0xe90 powersave.o
                0x00000000000d9598                idle_globaldraw_dis
                0x00000000000d95b0                idle_globaldraw_en
                0x00000000000d9708                idle_kill_flicker
                0x00000000000d9954                powersave_prolong
                0x00000000000d997c                powersave_prohibit
                0x00000000000d99a4                powersave_permit
                0x00000000000d99cc                PauseLiveView
                0x00000000000d9ae0                display_on
                0x00000000000d9ae8                display_off
                0x00000000000d9bd8                idle_led_blink_step
                0x00000000000d9c94                idle_is_powersave_enabled
                0x00000000000d9ccc                idle_is_powersave_enabled_on_info_disp_key
                0x00000000000d9cf4                idle_is_powersave_active
                0x00000000000d9d5c                idle_force_powersave_in_1s
                0x00000000000d9d98                idle_force_powersave_now
                0x00000000000d9dd4                handle_powersave_key
                0x00000000000d9e6c                idle_wakeup_reset_counters
                0x00000000000d9ee0                ResumeLiveView
                0x00000000000da118                idle_powersave_step
 .text          0x00000000000da400      0x630 ml-cbr.o
                0x00000000000da4d8                ml_register_cbr
                0x00000000000da6b0                ml_unregister_cbr
                0x00000000000da794                ml_notify_cbr
                0x00000000000da854                debug_cbr_tree
                0x00000000000da8e8                _ml_cbr_init
 .text          0x00000000000daa30     0x3598 raw.o
                0x00000000000daa68                raw_red_pixel
                0x00000000000daaa8                raw_green_pixel
                0x00000000000daaec                raw_blue_pixel
                0x00000000000dab34                raw_red_pixel_dark
                0x00000000000dab9c                raw_green_pixel_dark
                0x00000000000dac0c                raw_blue_pixel_dark
                0x00000000000dac80                raw_red_pixel_bright
                0x00000000000dace8                raw_green_pixel_bright
                0x00000000000dad58                raw_blue_pixel_bright
                0x00000000000dc03c                raw_set_dirty
                0x00000000000dc050                raw_set_preview_rect
                0x00000000000dc13c                raw_set_geometry
                0x00000000000dc280                raw_get_pixel
                0x00000000000dc4ac                raw_get_pixel_ex
                0x00000000000dc5c0                raw_set_pixel
                0x00000000000dc770                raw_get_gray_pixel
                0x00000000000dc980                raw_to_ev
                0x00000000000dca88                ev_to_raw
                0x00000000000dcaec                raw_lv_redirect_edmac
                0x00000000000dcb00                raw_lv_vsync
                0x00000000000dcbec                _raw_lv_get_iso_post_gain
                0x00000000000dcc18                raw_lv_settings_still_valid
                0x00000000000dcc80                raw_preview_fast_ex
                0x00000000000dcd4c                raw_preview_fast
                0x00000000000dcdac                raw_lv_is_enabled
                0x00000000000dcdbc                raw_lv_request_bpp
                0x00000000000dceac                raw_lv_request_digital_gain
                0x00000000000dcf38                raw_force_aspect_ratio
                0x00000000000dd060                get_dxo_dynamic_range
                0x00000000000dd100                can_use_raw_overlays_photo
                0x00000000000ddc00                raw_update_params
                0x00000000000ddd5c                raw_lv_request
                0x00000000000dddc4                raw_lv_release
                0x00000000000dde24                can_use_raw_overlays
                0x00000000000ddecc                can_use_raw_overlays_menu
                0x00000000000ddf4c                menu_set_warning_raw
                0x00000000000ddfa0                menu_checkdep_raw
 *fill*         0x00000000000ddfc8        0x8 
 .text          0x00000000000ddfd0     0x13d4 chdk-dng.o
                0x00000000000ded54                reverse_bytes_order
                0x00000000000dee1c                dng_set_thumbnail_size
                0x00000000000dee30                dng_set_camname
                0x00000000000dee44                dng_set_camserial
                0x00000000000dee58                dng_set_description
                0x00000000000dee6c                dng_set_lensmodel
                0x00000000000dee80                dng_set_focal
                0x00000000000dee94                dng_set_aperture
                0x00000000000deea8                dng_set_shutter
                0x00000000000deebc                dng_set_framerate
                0x00000000000deed4                dng_set_framerate_rational
                0x00000000000deee8                dng_set_iso
                0x00000000000deef8                dng_set_wbgain
                0x00000000000def24                dng_set_datetime
                0x00000000000def58                save_dng
 *fill*         0x00000000000df3a4        0xc 
 .text          0x00000000000df3b0      0x798 edmac-memcpy.o
                0x00000000000df4a8                edmac_memcpy_res_lock
                0x00000000000df4e0                edmac_memcpy_res_unlock
                0x00000000000df4f0                edmac_copy_rectangle_cbr_start
                0x00000000000df6d8                edmac_copy_rectangle_adv_cleanup
                0x00000000000df728                edmac_copy_rectangle_adv_finish
                0x00000000000df760                edmac_copy_rectangle_adv_start
                0x00000000000df7c4                edmac_copy_rectangle_adv
                0x00000000000df818                edmac_copy_rectangle
                0x00000000000df84c                edmac_copy_rectangle_start
                0x00000000000df880                edmac_copy_rectangle_finish
                0x00000000000df884                edmac_memset
                0x00000000000df954                edmac_find_divider
                0x00000000000df9dc                edmac_memcpy_start
                0x00000000000dfa88                edmac_memcpy_finish
                0x00000000000dfa8c                edmac_memcpy
                0x00000000000dfaa4                edmac_raw_slurp
 *fill*         0x00000000000dfb48        0x8 
 .text          0x00000000000dfb50     0x1d94 patch.o
                0x00000000000e0c70                _reapply_cache_patches
                0x00000000000e0d3c                _patch_sync_caches
                0x00000000000e0dec                sync_caches
                0x00000000000e0f80                unpatch_memory
                0x00000000000e12f0                patch_memory
                0x00000000000e1308                patch_instruction
                0x00000000000e1320                patch_engio_list
                0x00000000000e135c                unpatch_engio_list
                0x00000000000e138c                patch_memory_matrix
                0x00000000000e15e4                patch_memory_ex
                0x00000000000e1628                patch_memory_array
                0x00000000000e1678                patch_hook_function
 *fill*         0x00000000000e18e4        0xc 
 .text          0x00000000000e18f0      0x828 console.o
                0x00000000000e1da4                console_show
                0x00000000000e1db8                console_hide
                0x00000000000e1ddc                console_toggle
                0x00000000000e1df8                console_clear
                0x00000000000e1e1c                console_puts
                0x00000000000e2070                console_draw_from_menu
                0x00000000000e208c                printf
                0x00000000000e20fc                puts
 *fill*         0x00000000000e2118        0x8 
 .text          0x00000000000e2120      0x180 tcc-glue.o
                0x00000000000e2120                _tcc_exit
                0x00000000000e2144                _tcc_open
                0x00000000000e220c                _tcc_read
                0x00000000000e2254                _tcc_close
                0x00000000000e2264                _tcc_lseek
 .text          0x00000000000e22a0     0x4218 ../../tcc/libtccx.o
                0x00000000000e2eec                tcc_delete
                0x00000000000e32e4                tcc_add_file
                0x00000000000e347c                tcc_add_symbol
                0x00000000000e35ec                tcc_new
                0x00000000000e3830                tcc_set_options
                0x00000000000e4628                tcc_get_symbol
                0x00000000000e60c8                tcc_load_offline_section
                0x00000000000e63e8                tcc_relocate
 *fill*         0x00000000000e64b8        0x8 
 .text          0x00000000000e64c0     0x2968 module.o
                0x00000000000e743c                config_preset_scan
                0x00000000000e7760                module_load
                0x00000000000e77f8                module_get_symbol
                0x00000000000e7804                module_exec
                0x00000000000e79b0                module_unload
                0x00000000000e79c0                module_exec_cbr
                0x00000000000e7a3c                module_translate_key
                0x00000000000e7e5c                module_send_keypress
                0x00000000000e7ec8                handle_module_keys
                0x00000000000e7fd0                module_display_filter_enabled
                0x00000000000e8048                module_display_filter_update
                0x00000000000e80e4                module_get_string
                0x00000000000e8b84                module_get_name
                0x00000000000e8ba0                module_get_next_loaded
                0x00000000000e8bec                module_get_config_var
                0x00000000000e8c5c                module_config_var_lookup
                0x00000000000e8cc0                module_save_configs
                0x00000000000e8d64                module_shutdown
 .text          0x00000000000e8e28       0x28 dietlibc.a(strrchr.o)
                0x00000000000e8e28                strrchr
                0x00000000000e8e28                rindex
 .text          0x00000000000e8e50       0x20 dietlibc.a(strncpy.o)
                0x00000000000e8e50                strncpy
 .text          0x00000000000e8e70       0x1c dietlibc.a(strlen.o)
                0x00000000000e8e70                strlen
 .text          0x00000000000e8e8c       0x38 dietlibc.a(strncmp.o)
                0x00000000000e8e8c                strncmp
 .text          0x00000000000e8ec4       0x1c dietlibc.a(strcpy.o)
                0x00000000000e8ec4                strcpy
 .text          0x00000000000e8ee0       0x30 dietlibc.a(strcmp.o)
                0x00000000000e8ee0                strcoll
                0x00000000000e8ee0                strcmp
 .text          0x00000000000e8f10       0x44 dietlibc.a(strcasecmp.o)
                0x00000000000e8f10                strcasecmp
 .text          0x00000000000e8f54      0x208 dietlibc.a(strtoull.o)
                0x00000000000e8f54                strtoumax
                0x00000000000e8f54                strtoull
                0x00000000000e8f54                strtouq
 .text          0x00000000000e915c       0xdc dietlibc.a(strtol.o)
                0x00000000000e915c                strtol
 .text          0x00000000000e9238      0x19c dietlibc.a(strtoul.o)
                0x00000000000e9238                strtoul
 .text          0x00000000000e93d4       0x2c dietlibc.a(strchr.o)
                0x00000000000e93d4                index
                0x00000000000e93d4                strchr
 .text          0x00000000000e9400       0x8c dietlibc.a(strstr.o)
                0x00000000000e9400                strstr
 .text          0x00000000000e948c       0x38 dietlibc.a(memcmp.o)
                0x00000000000e948c                bcmp
                0x00000000000e948c                memcmp
 .text          0x00000000000e94c4       0x68 dietlibc.a(memmove.o)
                0x00000000000e94c4                memmove
 .text          0x00000000000e952c       0x7c dietlibc.a(atol.o)
                0x00000000000e952c                atol
                0x00000000000e952c                atoi
 .text          0x00000000000e95a8        0x0 dietlibc.a(errno.o)
 .text          0x00000000000e95a8        0xc dietlibc.a(errno_location.o)
                0x00000000000e95a8                __errno_location
 .text          0x00000000000e95b4       0x2c newlib-libc.a(lib_a-setjmp.o)
                0x00000000000e95b4                setjmp
                0x00000000000e95c8                longjmp
 .text          0x00000000000e95e0      0x168 newlib-libc.a(lib_a-memcpy-stub.o)
                0x00000000000e95e0                memcpy
 .text          0x00000000000e9748       0xac newlib-libc.a(lib_a-memccpy.o)
                0x00000000000e9748                memccpy
 .text          0x00000000000e97f4      0x188 newlib-libc.a(lib_a-memset.o)
                0x00000000000e97f4                memset
 .text          0x00000000000e997c       0xd0 newlib-libm.a(lib_a-sf_ceil.o)
                0x00000000000e997c                ceilf
 .text          0x00000000000e9a4c       0xa4 newlib-libm.a(lib_a-sf_cos.o)
                0x00000000000e9a4c                cosf
 .text          0x00000000000e9af0       0x88 newlib-libm.a(lib_a-sf_frexp.o)
                0x00000000000e9af0                frexpf
 .text          0x00000000000e9b78       0x1c newlib-libm.a(lib_a-sf_log2.o)
                0x00000000000e9b78                log2f
 .text          0x00000000000e9b94       0x7c newlib-libm.a(lib_a-sf_round.o)
                0x00000000000e9b94                roundf
 .text          0x00000000000e9c10       0xbc newlib-libm.a(lib_a-sf_sin.o)
                0x00000000000e9c10                sinf
 .text          0x00000000000e9ccc       0x74 newlib-libm.a(lib_a-sf_tan.o)
                0x00000000000e9ccc                tanf
 .text          0x00000000000e9d40      0x10c newlib-libm.a(lib_a-wf_acos.o)
                0x00000000000e9d40                acosf
 .text          0x00000000000e9e4c      0x10c newlib-libm.a(lib_a-wf_asin.o)
                0x00000000000e9e4c                asinf
 .text          0x00000000000e9f58       0x10 newlib-libm.a(lib_a-wf_atan2.o)
                0x00000000000e9f58                atan2f
 .text          0x00000000000e9f68      0x178 newlib-libm.a(lib_a-wf_exp.o)
                0x00000000000e9f68                expf
 .text          0x00000000000ea0e0      0x13c newlib-libm.a(lib_a-wf_fmod.o)
                0x00000000000ea0e0                fmodf
 .text          0x00000000000ea21c      0x164 newlib-libm.a(lib_a-wf_log10.o)
                0x00000000000ea21c                log10f
 .text          0x00000000000ea380      0x164 newlib-libm.a(lib_a-wf_log.o)
                0x00000000000ea380                logf
 .text          0x00000000000ea4e4      0x504 newlib-libm.a(lib_a-wf_pow.o)
                0x00000000000ea4e4                powf
 .text          0x00000000000ea9e8      0x11c newlib-libm.a(lib_a-wf_sqrt.o)
                0x00000000000ea9e8                sqrtf
 .text          0x00000000000eab04      0x3bc newlib-libm.a(lib_a-ef_acos.o)
                0x00000000000eab04                __ieee754_acosf
 .text          0x00000000000eaec0      0x38c newlib-libm.a(lib_a-ef_asin.o)
                0x00000000000eaec0                __ieee754_asinf
 .text          0x00000000000eb24c      0x1b4 newlib-libm.a(lib_a-ef_atan2.o)
                0x00000000000eb24c                __ieee754_atan2f
 .text          0x00000000000eb400      0x2b4 newlib-libm.a(lib_a-ef_exp.o)
                0x00000000000eb400                __ieee754_expf
 .text          0x00000000000eb6b4      0x18c newlib-libm.a(lib_a-ef_fmod.o)
                0x00000000000eb6b4                __ieee754_fmodf
 .text          0x00000000000eb840       0xf8 newlib-libm.a(lib_a-ef_log10.o)
                0x00000000000eb840                __ieee754_log10f
 .text          0x00000000000eb938      0x3b8 newlib-libm.a(lib_a-ef_log.o)
                0x00000000000eb938                __ieee754_logf
 .text          0x00000000000ebcf0      0x998 newlib-libm.a(lib_a-ef_pow.o)
                0x00000000000ebcf0                __ieee754_powf
 .text          0x00000000000ec688      0x454 newlib-libm.a(lib_a-ef_rem_pio2.o)
                0x00000000000ec688                __ieee754_rem_pio2f
 .text          0x00000000000ecadc      0x114 newlib-libm.a(lib_a-ef_sqrt.o)
                0x00000000000ecadc                __ieee754_sqrtf
 .text          0x00000000000ecbf0      0x214 newlib-libm.a(lib_a-kf_cos.o)
                0x00000000000ecbf0                __kernel_cosf
 .text          0x00000000000ece04      0x950 newlib-libm.a(lib_a-kf_rem_pio2.o)
                0x00000000000ece04                __kernel_rem_pio2f
 .text          0x00000000000ed754      0x14c newlib-libm.a(lib_a-kf_sin.o)
                0x00000000000ed754                __kernel_sinf
 .text          0x00000000000ed8a0      0x360 newlib-libm.a(lib_a-kf_tan.o)
                0x00000000000ed8a0                __kernel_tanf
 .text          0x00000000000edc00      0x2fc newlib-libm.a(lib_a-sf_atan.o)
                0x00000000000edc00                atanf
 .text          0x00000000000edefc        0x8 newlib-libm.a(lib_a-sf_fabs.o)
                0x00000000000edefc                fabsf
 .text          0x00000000000edf04       0x1c newlib-libm.a(lib_a-sf_finite.o)
                0x00000000000edf04                finitef
 .text          0x00000000000edf20       0xd4 newlib-libm.a(lib_a-sf_floor.o)
                0x00000000000edf20                floorf
 .text          0x00000000000edff4       0x6c newlib-libm.a(lib_a-sf_fpclassify.o)
                0x00000000000edff4                __fpclassifyf
 .text          0x00000000000ee060        0xc newlib-libm.a(lib_a-sf_nan.o)
                0x00000000000ee060                nanf
 .text          0x00000000000ee06c      0x11c newlib-libm.a(lib_a-sf_scalbn.o)
                0x00000000000ee06c                scalbnf
 .text          0x00000000000ee188        0x0 newlib-libm.a(lib_a-s_lib_ver.o)
 .text          0x00000000000ee188        0x8 newlib-libm.a(lib_a-s_matherr.o)
                0x00000000000ee188                matherr
 .text          0x00000000000ee190       0x10 newlib-libm.a(lib_a-s_nan.o)
                0x00000000000ee190                nan
 .text          0x00000000000ee1a0      0x1a0 newlib-libm.a(lib_a-s_rint.o)
                0x00000000000ee1a0                rint
 .text          0x00000000000ee340       0x10 newlib-libm.a(lib_a-sf_copysign.o)
                0x00000000000ee340                copysignf
 .text          0x00000000000ee350      0x114 gcc-libgcc.a(_udivsi3.o)
                0x00000000000ee350                __udivsi3
                0x00000000000ee350                __aeabi_uidiv
                0x00000000000ee444                __aeabi_uidivmod
 .text          0x00000000000ee464      0x148 gcc-libgcc.a(_divsi3.o)
                0x00000000000ee464                __aeabi_idiv
                0x00000000000ee464                __divsi3
                0x00000000000ee58c                __aeabi_idivmod
 .text          0x00000000000ee5ac        0x4 gcc-libgcc.a(_dvmd_tls.o)
                0x00000000000ee5ac                __aeabi_ldiv0
                0x00000000000ee5ac                __aeabi_idiv0
 .text          0x00000000000ee5b0      0x41c gcc-libgcc.a(_arm_addsubdf3.o)
                0x00000000000ee5b0                __aeabi_drsub
                0x00000000000ee5b8                __subdf3
                0x00000000000ee5b8                __aeabi_dsub
                0x00000000000ee5bc                __aeabi_dadd
                0x00000000000ee5bc                __adddf3
                0x00000000000ee8cc                __aeabi_ui2d
                0x00000000000ee8cc                __floatunsidf
                0x00000000000ee8f0                __floatsidf
                0x00000000000ee8f0                __aeabi_i2d
                0x00000000000ee918                __extendsfdf2
                0x00000000000ee918                __aeabi_f2d
                0x00000000000ee958                __aeabi_ul2d
                0x00000000000ee958                __floatundidf
                0x00000000000ee96c                __aeabi_l2d
                0x00000000000ee96c                __floatdidf
 .text          0x00000000000ee9cc      0x49c gcc-libgcc.a(_arm_muldivdf3.o)
                0x00000000000ee9cc                __aeabi_dmul
                0x00000000000ee9cc                __muldf3
                0x00000000000eec5c                __aeabi_ddiv
                0x00000000000eec5c                __divdf3
 .text          0x00000000000eee68      0x144 gcc-libgcc.a(_arm_cmpdf2.o)
                0x00000000000eee68                __gedf2
                0x00000000000eee68                __gtdf2
                0x00000000000eee70                __ledf2
                0x00000000000eee70                __ltdf2
                0x00000000000eee78                __cmpdf2
                0x00000000000eee78                __eqdf2
                0x00000000000eee78                __nedf2
                0x00000000000eef00                __aeabi_cdrcmple
                0x00000000000eef1c                __aeabi_cdcmple
                0x00000000000eef1c                __aeabi_cdcmpeq
                0x00000000000eef34                __aeabi_dcmpeq
                0x00000000000eef4c                __aeabi_dcmplt
                0x00000000000eef64                __aeabi_dcmple
                0x00000000000eef7c                __aeabi_dcmpge
                0x00000000000eef94                __aeabi_dcmpgt
 .text          0x00000000000eefac       0x5c gcc-libgcc.a(_arm_fixdfsi.o)
                0x00000000000eefac                __fixdfsi
                0x00000000000eefac                __aeabi_d2iz
 .text          0x00000000000ef008       0xa0 gcc-libgcc.a(_arm_truncdfsf2.o)
                0x00000000000ef008                __aeabi_d2f
                0x00000000000ef008                __truncdfsf2
 .text          0x00000000000ef0a8      0x2ac gcc-libgcc.a(_arm_addsubsf3.o)
                0x00000000000ef0a8                __aeabi_frsub
                0x00000000000ef0b0                __aeabi_fsub
                0x00000000000ef0b0                __subsf3
                0x00000000000ef0b4                __aeabi_fadd
                0x00000000000ef0b4                __addsf3
                0x00000000000ef270                __aeabi_ui2f
                0x00000000000ef270                __floatunsisf
                0x00000000000ef278                __floatsisf
                0x00000000000ef278                __aeabi_i2f
                0x00000000000ef298                __aeabi_ul2f
                0x00000000000ef298                __floatundisf
                0x00000000000ef2a8                __aeabi_l2f
                0x00000000000ef2a8                __floatdisf
 .text          0x00000000000ef354      0x2f8 gcc-libgcc.a(_arm_muldivsf3.o)
                0x00000000000ef354                __mulsf3
                0x00000000000ef354                __aeabi_fmul
                0x00000000000ef4ec                __divsf3
                0x00000000000ef4ec                __aeabi_fdiv
 .text          0x00000000000ef64c      0x114 gcc-libgcc.a(_arm_cmpsf2.o)
                0x00000000000ef64c                __gesf2
                0x00000000000ef64c                __gtsf2
                0x00000000000ef654                __ltsf2
                0x00000000000ef654                __lesf2
                0x00000000000ef65c                __nesf2
                0x00000000000ef65c                __eqsf2
                0x00000000000ef65c                __cmpsf2
                0x00000000000ef6c0                __aeabi_cfrcmple
                0x00000000000ef6d0                __aeabi_cfcmpeq
                0x00000000000ef6d0                __aeabi_cfcmple
                0x00000000000ef6e8                __aeabi_fcmpeq
                0x00000000000ef700                __aeabi_fcmplt
                0x00000000000ef718                __aeabi_fcmple
                0x00000000000ef730                __aeabi_fcmpge
                0x00000000000ef748                __aeabi_fcmpgt
 .text          0x00000000000ef760       0x5c gcc-libgcc.a(_arm_fixsfsi.o)
                0x00000000000ef760                __fixsfsi
                0x00000000000ef760                __aeabi_f2iz
 .text          0x00000000000ef7bc       0x54 gcc-libgcc.a(_arm_fixunssfsi.o)
                0x00000000000ef7bc                __aeabi_f2uiz
                0x00000000000ef7bc                __fixunssfsi
 .text          0x00000000000ef810       0xd4 gcc-libgcc.a(_aeabi_ldivmod.o)
                0x00000000000ef810                __aeabi_ldivmod
 .text          0x00000000000ef8e4       0x3c gcc-libgcc.a(_aeabi_uldivmod.o)
                0x00000000000ef8e4                __aeabi_uldivmod
 .text          0x00000000000ef920       0x44 gcc-libgcc.a(_popcountsi2.o)
                0x00000000000ef920                __popcountsi2
 .text          0x00000000000ef964       0x40 gcc-libgcc.a(_fixsfdi.o)
                0x00000000000ef964                __aeabi_f2lz
                0x00000000000ef964                __fixsfdi
 .text          0x00000000000ef9a4       0x70 gcc-libgcc.a(_fixunssfdi.o)
                0x00000000000ef9a4                __aeabi_f2ulz
                0x00000000000ef9a4                __fixunssfdi
 .text          0x00000000000efa14      0x12c gcc-libgcc.a(_udivmoddi4.o)
                0x00000000000efa14                __udivmoddi4
 .text          0x00000000000efb40       0x54 gcc-libgcc.a(_arm_fixunsdfsi.o)
                0x00000000000efb40                __fixunsdfsi
                0x00000000000efb40                __aeabi_d2uiz
 .text          0x00000000000efb94       0x28 gcc-libgcc.a(_clzdi2.o)
                0x00000000000efb94                __clzdi2
 .text          0x00000000000efbbc       0x48 gcc-libgcc.a(_clzsi2.o)
                0x00000000000efbbc                __clzsi2
 *fill*         0x00000000000efc04        0x4 
 .text.__stub   0x00000000000efc08      0x170 linker stubs
                0x00000000000efd78                _text_end = .
                0x00000000000efd80                . = ALIGN (0x40)
 *fill*         0x00000000000efd78        0x8 
                0x00000000000efd80                _rodata_start = .
 *(.rodata)
 .rodata        0x00000000000efd80       0x84 version.o
                0x00000000000efd80                build_user
                0x00000000000efda1                build_date
                0x00000000000efdb9                build_id
                0x00000000000efdea                build_version
 .rodata        0x00000000000efe04       0x35 fio-ml.o
 .rodata        0x00000000000efe39       0x31 mem.o
 *fill*         0x00000000000efe6a        0x2 
 .rodata        0x00000000000efe6c      0xd38 ico.o
                0x00000000000efe6c                menu_icons_body
 .rodata        0x00000000000f0ba4      0x14c edmac.o
 .rodata        0x00000000000f0cf0      0x14c menu.o
 .rodata        0x00000000000f0e3c       0x15 debug.o
 .rodata        0x00000000000f0e51        0xb util.o
 .rodata        0x00000000000f0e5c       0xb1 exmem.o
 .rodata        0x00000000000f0f0d       0x51 bmp.o
 *fill*         0x00000000000f0f5e        0x2 
 .rodata        0x00000000000f0f60       0x1d stdio.o
 *fill*         0x00000000000f0f7d        0x3 
 .rodata        0x00000000000f0f80       0x2c config.o
 .rodata        0x00000000000f0fac       0xcc tweaks.o
 .rodata        0x00000000000f1078      0x3a1 lens.o
 .rodata        0x00000000000f1419       0x14 property.o
 .rodata        0x00000000000f142d       0x24 movtweaks.o
 *fill*         0x00000000000f1451        0x3 
 .rodata        0x00000000000f1454      0x144 fps-engio.o
 .rodata        0x00000000000f1598      0x230 shoot.o
 .rodata        0x00000000000f17c8       0x6c hdr.o
 .rodata        0x00000000000f1834       0x44 lv-img-engio.o
 .rodata        0x00000000000f1878       0x13 state-object.o
 .rodata        0x00000000000f188b       0x23 tasks.o
 .rodata        0x00000000000f18ae        0x8 histogram.o
 *fill*         0x00000000000f18b6        0x2 
 .rodata        0x00000000000f18b8       0x88 zebra.o
 .rodata        0x00000000000f1940       0x1e crop-mode-hack.o
 *fill*         0x00000000000f195e        0x2 
 .rodata        0x00000000000f1960       0x58 powersave.o
 .rodata        0x00000000000f19b8       0x63 ml-cbr.o
 *fill*         0x00000000000f1a1b        0x1 
 .rodata        0x00000000000f1a1c       0xc8 raw.o
 .rodata        0x00000000000f1ae4      0x104 chdk-dng.o
 .rodata        0x00000000000f1be8       0x31 edmac-memcpy.o
 *fill*         0x00000000000f1c19        0x3 
 .rodata        0x00000000000f1c1c      0x1b8 ../../tcc/libtccx.o
 .rodata        0x00000000000f1dd4       0x2d module.o
 *fill*         0x00000000000f1e01        0x3 
 .rodata        0x00000000000f1e04       0x18 newlib-libm.a(lib_a-ef_exp.o)
 .rodata        0x00000000000f1e1c        0x8 newlib-libm.a(lib_a-ef_fmod.o)
 .rodata        0x00000000000f1e24       0x18 newlib-libm.a(lib_a-ef_pow.o)
 .rodata        0x00000000000f1e3c      0x398 newlib-libm.a(lib_a-ef_rem_pio2.o)
 .rodata        0x00000000000f21d4       0x38 newlib-libm.a(lib_a-kf_rem_pio2.o)
 .rodata        0x00000000000f220c       0x20 newlib-libm.a(lib_a-sf_atan.o)
 *fill*         0x00000000000f222c        0x4 
 .rodata        0x00000000000f2230       0x10 newlib-libm.a(lib_a-s_rint.o)
                0x00000000000f2240                _rodata_end = .
                0x00000000000f2240                _data_start = .

.rodata.str1.1  0x00000000000f2240     0xbcb4
 .rodata.str1.1
                0x00000000000f2240       0x46 backtrace.o
 .rodata.str1.1
                0x00000000000f2286       0xdc boot-hack.o
                                         0xdf (size before relaxing)
 .rodata.str1.1
                0x00000000000f2362      0x129 fio-ml.o
                                        0x135 (size before relaxing)
 .rodata.str1.1
                0x00000000000f248b      0x5c6 mem.o
                                        0x630 (size before relaxing)
 .rodata.str1.1
                0x00000000000f2a51       0x12 edmac.o
 .rodata.str1.1
                0x00000000000f2a51      0xb22 menu.o
                                        0xbb5 (size before relaxing)
 .rodata.str1.1
                0x00000000000f3573      0xb70 debug.o
                                        0xc02 (size before relaxing)
 .rodata.str1.1
                0x00000000000f40e3       0x12 posix.o
 .rodata.str1.1
                0x00000000000f40f5       0x16 util.o
 .rodata.str1.1
                0x00000000000f410b       0x12 electronic_level.o
 .rodata.str1.1
                0x00000000000f410b       0x28 picstyle.o
 .rodata.str1.1
                0x00000000000f4133      0x19a exmem.o
                                        0x1ae (size before relaxing)
 .rodata.str1.1
                0x00000000000f42cd       0x7f bmp.o
                                         0x88 (size before relaxing)
 .rodata.str1.1
                0x00000000000f434c       0x78 rbf_font.o
 .rodata.str1.1
                0x00000000000f43c4       0x3d stdio.o
                                         0x41 (size before relaxing)
 .rodata.str1.1
                0x00000000000f4401       0xbb movie_menu_raw_only.o
                                         0xcb (size before relaxing)
 .rodata.str1.1
                0x00000000000f44bc      0x54b config.o
                                        0x5bd (size before relaxing)
 .rodata.str1.1
                0x00000000000f4a07      0x4be bitrate.o
                                        0x4d1 (size before relaxing)
 .rodata.str1.1
                0x00000000000f4ec5      0xf7e tweaks.o
                                        0xfd6 (size before relaxing)
 .rodata.str1.1
                0x00000000000f5e43      0x72a lens.o
                                        0x813 (size before relaxing)
 .rodata.str1.1
                0x00000000000f656d       0x70 property.o
 .rodata.str1.1
                0x00000000000f65dd       0xea propvalues.o
                                         0xf7 (size before relaxing)
 .rodata.str1.1
                0x00000000000f66c7       0x7c gui-common.o
                                         0x82 (size before relaxing)
 .rodata.str1.1
                0x00000000000f6743      0x294 movtweaks.o
                                        0x2aa (size before relaxing)
 .rodata.str1.1
                0x00000000000f69d7      0x2f3 menuhelp.o
                                        0x352 (size before relaxing)
 .rodata.str1.1
                0x00000000000f6cca      0x100 menuindex.o
                                        0x13a (size before relaxing)
 .rodata.str1.1
                0x00000000000f6dca      0x9ca focus.o
                                        0x9d8 (size before relaxing)
 .rodata.str1.1
                0x00000000000f7794       0x42 notify_box.o
 .rodata.str1.1
                0x00000000000f77d6       0x74 bootflags.o
 .rodata.str1.1
                0x00000000000f784a       0x49 vram.o
 .rodata.str1.1
                0x00000000000f7893       0x4b greenscreen.o
 .rodata.str1.1
                0x00000000000f78de      0x6d6 fps-engio.o
                                        0x721 (size before relaxing)
 .rodata.str1.1
                0x00000000000f7fb4     0x267d shoot.o
                                       0x283b (size before relaxing)
 .rodata.str1.1
                0x00000000000fa631      0x38b hdr.o
                                        0x3be (size before relaxing)
 .rodata.str1.1
                0x00000000000fa9bc      0x1bc lv-img-engio.o
                                        0x1ea (size before relaxing)
 .rodata.str1.1
                0x00000000000fab78       0x55 state-object.o
 .rodata.str1.1
                0x00000000000fabcd       0xbb tasks.o
                                         0xc2 (size before relaxing)
 .rodata.str1.1
                0x00000000000fac88        0xf vsync-lite.o
 .rodata.str1.1
                0x00000000000fac97       0xa1 tskmon.o
                                         0xb9 (size before relaxing)
 .rodata.str1.1
                0x00000000000fad38      0x174 histogram.o
                                        0x196 (size before relaxing)
 .rodata.str1.1
                0x00000000000faeac       0x64 falsecolor.o
 .rodata.str1.1
                0x00000000000faf10      0x150 audio-ak.o
                                        0x164 (size before relaxing)
 .rodata.str1.1
                0x00000000000fb060     0x123b zebra.o
                                       0x13a6 (size before relaxing)
 .rodata.str1.1
                0x00000000000fc29b       0xc3 vectorscope.o
                                         0xde (size before relaxing)
 .rodata.str1.1
                0x00000000000fc35e       0x35 crop-mode-hack.o
 .rodata.str1.1
                0x00000000000fc393       0xd8 flexinfo.o
                                        0x172 (size before relaxing)
 .rodata.str1.1
                0x00000000000fc46b       0x32 screenshot.o
                                         0x35 (size before relaxing)
 .rodata.str1.1
                0x00000000000fc49d        0x3 fileprefix.o
 .rodata.str1.1
                0x00000000000fc49d       0x12 lvinfo.o
                                         0x15 (size before relaxing)
 .rodata.str1.1
                0x00000000000fc4af      0x404 powersave.o
                                        0x423 (size before relaxing)
 .rodata.str1.1
                0x00000000000fc8b3       0xa7 ml-cbr.o
                                         0xb3 (size before relaxing)
 .rodata.str1.1
                0x00000000000fc95a      0x280 raw.o
                                        0x2b2 (size before relaxing)
 .rodata.str1.1
                0x00000000000fcbda       0x1b chdk-dng.o
                                         0x2b (size before relaxing)
 .rodata.str1.1
                0x00000000000fcbf5      0x116 edmac-memcpy.o
                                        0x128 (size before relaxing)
 .rodata.str1.1
                0x00000000000fcd0b      0x308 patch.o
                                        0x324 (size before relaxing)
 .rodata.str1.1
                0x00000000000fd013        0xd console.o
                                         0x12 (size before relaxing)
 .rodata.str1.1
                0x00000000000fd020       0x6c tcc-glue.o
 .rodata.str1.1
                0x00000000000fd08c      0x5db ../../tcc/libtccx.o
                                        0x652 (size before relaxing)
 .rodata.str1.1
                0x00000000000fd667      0x88d module.o
                                        0x94f (size before relaxing)

.rodata.str1.4  0x00000000000fdef4       0xa0